
> @figma/my-make-file@0.0.1 test
> tsx --test tests/**/*.test.ts tests/**/*.test.tsx

Γ£ö parseRequiredStringField extracts and trims valid strings (1.1553ms)
Γ£ö parseRequiredStringField throws on missing, empty, or oversized values (1.5577ms)
Γ£ö parseMultilineField splits and trims lines ignoring empty ones (1.2243ms)
Γ£ö parseMultilineField returns empty array for invalid input (0.1926ms)
Γ£ö toContactLinksText maps direct contacts to textual representation (0.1985ms)
Γ£ö toCraftsmanshipItemsText maps items to textual representation (0.1695ms)
Γ£ö parseDirectContacts parses correct multi-line inputs into array of links (0.3524ms)
Γ£ö parseCraftsmanshipItems parses correct multi-line inputs into array of items (0.2762ms)
Γ£ö getHeroContent returns defaults when no document exists (0.9588ms)
Γ£ö upsertHeroContent persists with fixed key and returns input (0.5071ms)
Γ£ö getAboutContent maps database document fields (0.2048ms)
Γ£ö getAboutContent returns defaults when no document exists (0.1077ms)
Γ£ö upsertAboutContent persists with fixed key and returns input (0.1816ms)
Γ£ö getCraftsmanshipContent returns defaults when no document exists (0.1586ms)
Γ£ö upsertCraftsmanshipContent persists with fixed key and returns input (0.1511ms)
Γ£ö getContactContent returns defaults when no document exists (0.15ms)
Γ£ö upsertContactContent persists with fixed key and returns input (0.153ms)
Γ£ö createContactMessage persists payload and metadata (0.1901ms)
Γ£ö db module throws when MONGODB_URI is missing (14.2734ms)
Γ£ö connectToDatabase reuses the same mongoose connection promise (5.6521ms)
Γ£ö App renders dynamic hero/about/contact text from props (9.083ms)
Γ£ö Contact section keeps dynamic form field text and direct contacts (2.2695ms)
Γ£ö SSR entry render includes dynamic content values (2.0829ms)
Γ£ö App trims dynamic content and skips empty dynamic contact entries (1.5417ms)
Γ£ö hashesMatch validates equal and different values (2.474ms)
Γ£ö getCookieValue returns decoded cookie and handles malformed values safely (0.349ms)
Γ£ö escapeHtml escapes html-sensitive characters (0.2246ms)
Γ£ö parseContactMessageInput validates and trims contact payload (1.1288ms)
Γ£ö parseContactMessageInput rejects oversized fields (0.212ms)
Γ£ö serializeForScript escapes html tag opening characters (0.1846ms)
Γ£ö isAuthorizedForInvalidation enforces token only when configured (0.3611ms)
Γ£ö createIpRateLimiter tracks remaining calls, blocks overflow, and resets after window (0.6881ms)
SSR server running on http://localhost:3000
Γû╢ Admin Security Protections
  Γ£ö GET /admin fully hides the route returning exactly 404 Not Found without a session (24.3674ms)
  Γ£ö POST /admin/content/hero fully hides the route returning exactly 404 Not Found without a session (23.1571ms)
  Γ£ö POST /admin/content/about fully hides the route returning exactly 404 Not Found without a session (16.2798ms)
  Γ£ö POST /admin/content/contact fully hides the route returning exactly 404 Not Found without a session (5.3388ms)
  Γ£ö POST /admin/content/craftsmanship fully hides the route returning exactly 404 Not Found without a session (5.2277ms)
  Γ£ö POST /admin/content/reset fully hides the route returning exactly 404 Not Found without a session (5.4926ms)
  Γ£ö GET /api/uploads fully hides the route returning exactly 404 Not Found without a session (2.3244ms)
  Γ£ö POST /api/uploads fully hides the route returning exactly 404 Not Found without a session (5.6527ms)
  Γ£ö GET /api/visits fully hides the route returning exactly 404 Not Found without a session (4.5692ms)
  Γ£ö PUT /api/about fully hides the route returning exactly 404 Not Found without a session (3.7207ms)
  Γ£ö PUT /api/hero fully hides the route returning exactly 404 Not Found without a session (3.056ms)
  Γ£ö PUT /api/contact fully hides the route returning exactly 404 Not Found without a session (2.2221ms)
  Γ£ö PUT /api/craftsmanship fully hides the route returning exactly 404 Not Found without a session (2.1887ms)
  Γ£ö POST /api/cache/invalidate fully hides the route returning exactly 404 Not Found without a session (11.3001ms)
  Γ£ö Public GET /api/about remains accessible (30.0023ms)
  Γ£ö Public GET /api/contact remains accessible (8.3544ms)
  Γ£ö Public GET /api/craftsmanship remains accessible (13.8809ms)
  Γ£ö Public GET /api/hero remains accessible (189.7737ms)
Γ£ö Admin Security Protections (361.7456ms)
